                                                                                                                                [0m
                                                                              ,,,,                                              [0m
                                                           ,__,,~____""""""""""""""""_xnnnnv__,                                 [0m
                                                       __ewPPPFFFFFTT""""""``````````|\/\LvvLL["*L_,                            [0m
                                                    _eMPPPFFFFFF""""""``````--~~~^"',\/J?777?J7J]nu]*L_                         [0m
                                                 _aMPPPFFFFFFF"""""`````''``````-^'_</j(]jJr7T7]]3Y]4aC>L,                      [0m
                                            ___ymPPPFPFFFFFFF"""'````'````:```````_=v_{yJJ>**~<JajrJuJ]4aJe_                    [0m
                                         _r\jaMPPPPPFjjjyFFFL""`````^._.---``__,'_/j/"j((____L=+"]3{33FPP[J]%L,                 [0m
                         ,,___________=xLyaymMMMMMPP7F[<F[+FT[x[T[]j[II1LLLxxxx__/JL__J ________xyyyyjyyyf7777%wu__             [0m
                  __~*7777]]mP7[yq#M9P7PPPPPPPFTjjyw9PP]pP9FFFT77TTTT7774wqpyyyyyyyL\;;__jyyyyyyyygggggqgpLL[TT777Mk_           [0m
               _xFLr_jJyyPF\jymPPP7PP777PFT\_yeP7]2wPF7*(__Lv~L^|_|L"""TTT774%ggpyya____eqgqqqgwwwwPPPPPP%kLLyjjF>""<L          [0m
             _Jk/LxyjqPF\jywPP77F7777F"\_xn7]7F7F7fF)"","\,]L,,_LL_L__;x/""^""(74wPF77TTT[[||vvxvvxuLL+\[LYkyyyF`,;-,`\_        [0m
            _jFj%wCwP7Pwwttr***+++FLvv+f*=7T?7*TT)//"``JL ~P~\cFLLLL_v?^,_____ `?tLLnxrv*++*vTT=v+YL[|||LL/7yyF`;`_`-,^l        [0m
           _yPPP[fFFFF7777F[f77FTTTTTTTT>L*|"""FJ_L"_,-^_~L<????>""_/`__,-^`^.', \\LLT>F"~"+"+?"~*T_T\J7TFL/TT',,`_`-, ]L       [0m
         _j#bk[777[[????[([[[__[_"=*=?<TLLLL?LLLL|x========___LxxyyF/___ ,'^-_`_, J\L/"""TT""TTT"*"T<F*C?TLLTJ !'`_."`:]L       [0m
        _F]PFFFL[jyLyyjjyy_____________________________yyjjjyyyyFF\/._/,`,',`:`_'_!/LL"""====*"""|||||*/""Y"||`._,,'__;jL       [0m
        ^""TTTTT"""""""""""""*=**************+++"""""j__IIJ]yyuL_nv'_-`'.''-,'^`,,^LLF""??"/J|""\"^/T/_L|"|""!`.=<,+_~;j-       [0m
        ; ,/|FT!`"~Lhh|]L+lvL"(~LL____!^^^^^^^^^^^``""~~+f"7T[\J"*? ^;,'__,,-,--`:_L|L>""""______xv++?___j"L+'`,~`^^"-_?+       [0m
        ' .``;``-`~```....`"`""""""""'...:.. `.--'-,: |??"T""FL"""| `'-^,_L-___:;^_L|__xxv*+"""j_uenPF77T|"""-``-"[_-L``        [0m
        :''; `   `,:,,,,_,,_,__;__.'^",,_,,,_ :':____,!?"T"?J"F"""! `"^,`|l__"_-':;~"=?=>=~="T|""""""_~__=-^` ``\'/'^!          [0m
        __,`, ,, '--------:..._`'_` L-^ _____ `--`.,_``""]J/|__,_J! `--|:||_`^`,-'//""""""____v==~""^````````  ``'`~^ __        [0m
       <"L_~_.=...._____,,,,_____!, ;_^-'`'''````--_`, "====~~+""T- ``_`,!|/_^`', __v"^`````````  .   .``..:-----````           [0m
        ```````^^^^--~~~~~...________________....._.-`,"""`_~^`____ ```,_-~"`,^,` ``` ''``````````````````                      [0m
          __.--:..``````''.    ``````````````````````````````````   ````-:~~^`^`  `````````````                                 [0m
         ````````. ````````````````````.   ````````````````````..,__,,, ``````'````                                             [0m
                    ````````````````````````````````````````````````````                                                        [0m
                                                                                                                                [0m
                                                                                                                                [0m
